[21mei2026 14:39:59.667] [main/INFO] [cpw.mods.modlauncher.Launcher/MODLAUNCHER]: ModLauncher running: args [--launchTarget, forgeclientdev, --version, 21.1.230, --assetIndex, 17, --assetsDir, C:\\Users\\famil\\.gradle\\caches\\neoformruntime\\assets, --gameDir, ., --fml.fmlVersion, 4.0.42, --fml.mcVersion, 1.21.1, --fml.neoForgeVersion, 21.1.230, --fml.neoFormVersion, 20240808.144430]
[21mei2026 14:39:59.670] [main/INFO] [cpw.mods.modlauncher.Launcher/MODLAUNCHER]: JVM identified as Eclipse Adoptium OpenJDK 64-Bit Server VM 21.0.7+6-LTS
[21mei2026 14:39:59.670] [main/INFO] [cpw.mods.modlauncher.Launcher/MODLAUNCHER]: ModLauncher 11.0.5+main.901c6ea8 starting: java version 21.0.7 by Eclipse Adoptium; OS Windows 11 arch amd64 version 10.0
[21mei2026 14:39:59.743] [main/INFO] [net.neoforged.fml.loading.ImmediateWindowHandler/]: Loading ImmediateWindowProvider fmlearlywindow
[21mei2026 14:39:59.813] [main/INFO] [EARLYDISPLAY/]: Trying GL version 4.6
[21mei2026 14:39:59.906] [main/INFO] [EARLYDISPLAY/]: Requested GL version 4.6 got version 4.6
[21mei2026 14:39:59.997] [main/INFO] [mixin/]: SpongePowered MIXIN Subsystem Version=0.8.7 Source=union:/C:/Users/famil/.gradle/caches/modules-2/files-2.1/net.fabricmc/sponge-mixin/0.15.2+mixin.0.8.7/2af2f021d8e02a0220dc27a7a72b4666d66d44ca/sponge-mixin-0.15.2+mixin.0.8.7.jar%23138!/ Service=ModLauncher Env=CLIENT
[21mei2026 14:40:00.170] [pool-2-thread-1/INFO] [EARLYDISPLAY/]: GL info: NVIDIA GeForce GTX 1080/PCIe/SSE2 GL version 4.6.0 NVIDIA 582.28, NVIDIA Corporation
[21mei2026 14:40:00.293] [main/INFO] [net.neoforged.fml.loading.moddiscovery.locators.JarInJarDependencyLocator/]: Found 2 dependencies adding them to mods collection
[21mei2026 14:40:00.295] [main/INFO] [net.neoforged.fml.loading.moddiscovery.ModDiscoverer/]: 
     Mod List:
		Name Version (Mod Id)

		Minecraft 1.21.1 (minecraft)
		NeoForge 21.1.230 (neoforge)
		Ultimate Auction System (UAS) 1.0-SNAPSHOT (ultimate_auction_system)
[21mei2026 14:40:00.812] [main/INFO] [cpw.mods.modlauncher.LaunchServiceHandler/MODLAUNCHER]: Launching target 'forgeclientdev' with arguments [--version, 21.1.230, --gameDir, ., --assetsDir, C:\Users\famil\.gradle\caches\neoformruntime\assets, --assetIndex, 17]
[21mei2026 14:40:01.788] [Datafixer Bootstrap/INFO] [com.mojang.datafixers.DataFixerBuilder/]: 229 Datafixer optimizations took 240 milliseconds
[21mei2026 14:40:01.889] [main/WARN] [oshi.driver.windows.perfmon.PerfmonDisabled/]: Invalid registry value type detected for PerfOS counters. Should be REG_DWORD. Ignoring: HKEY_LOCAL_MACHINE\SYSTEM\CurrentControlSet\Services\PerfOS\Performance\Disable Performance Counters.
[21mei2026 14:40:01.916] [pool-7-thread-1/INFO] [MixinExtras|Service/]: Initializing MixinExtras via com.llamalad7.mixinextras.service.MixinExtrasServiceImpl(version=0.5.3).
[21mei2026 14:40:04.738] [main/WARN] [net.minecraft.commands.Commands/]: Ambiguity between arguments [teleport, location] and [teleport, destination] with inputs: [0.1 -0.5 .9, 0 0 0]
[21mei2026 14:40:04.739] [main/WARN] [net.minecraft.commands.Commands/]: Ambiguity between arguments [teleport, location] and [teleport, targets] with inputs: [0.1 -0.5 .9, 0 0 0]
[21mei2026 14:40:04.740] [main/WARN] [net.minecraft.commands.Commands/]: Ambiguity between arguments [teleport, destination] and [teleport, targets] with inputs: [Player, 0123, @e, dd12be42-52a9-4a91-a8a1-11c01849e498]
[21mei2026 14:40:04.741] [main/WARN] [net.minecraft.commands.Commands/]: Ambiguity between arguments [teleport, targets] and [teleport, destination] with inputs: [Player, 0123, dd12be42-52a9-4a91-a8a1-11c01849e498]
[21mei2026 14:40:04.741] [main/WARN] [net.minecraft.commands.Commands/]: Ambiguity between arguments [teleport, targets, location] and [teleport, targets, destination] with inputs: [0.1 -0.5 .9, 0 0 0]
[21mei2026 14:40:04.812] [Render thread/WARN] [net.minecraft.server.packs.VanillaPackResourcesBuilder/]: Assets URL 'union:/C:/Users/famil/Documents/Ultimate%20mod%20series/Ultimate%20Auction%20System%20UAS/build/moddev/artifacts/neoforge-21.1.230.jar%23189!/assets/.mcassetsroot' uses unexpected schema
[21mei2026 14:40:04.812] [Render thread/WARN] [net.minecraft.server.packs.VanillaPackResourcesBuilder/]: Assets URL 'union:/C:/Users/famil/Documents/Ultimate%20mod%20series/Ultimate%20Auction%20System%20UAS/build/moddev/artifacts/neoforge-21.1.230.jar%23189!/data/.mcassetsroot' uses unexpected schema
[21mei2026 14:40:04.827] [Render thread/INFO] [com.mojang.authlib.yggdrasil.YggdrasilAuthenticationService/]: Environment: Environment[sessionHost=https://sessionserver.mojang.com, servicesHost=https://api.minecraftservices.com, name=PROD]
[21mei2026 14:40:04.833] [Render thread/INFO] [net.minecraft.client.Minecraft/]: Setting user: Dev
[21mei2026 14:40:04.896] [Render thread/INFO] [net.minecraft.client.Minecraft/]: Backend library: LWJGL version 3.3.3+5
[21mei2026 14:40:05.214] [modloading-worker-0/INFO] [net.neoforged.neoforge.common.NeoForgeMod/NEOFORGE-MOD]: NeoForge mod loading, version 21.1.230, for MC 1.21.1
[21mei2026 14:40:05.678] [Render thread/INFO] [net.neoforged.neoforge.gametest.GameTestHooks/]: Enabled Gametest Namespaces: [ultimate_auction_system]
[21mei2026 14:40:05.754] [Render thread/INFO] [net.minecraft.server.packs.resources.ReloadableResourceManager/]: Reloading ResourceManager: vanilla, mod_resources, mod/ultimate_auction_system, mod/neoforge
[21mei2026 14:40:05.762] [Worker-Main-1/INFO] [net.austizz.ultimate_auction_system.UltimateAuctionSystem/]: HELLO FROM COMMON SETUP
[21mei2026 14:40:05.762] [Worker-Main-1/INFO] [net.austizz.ultimate_auction_system.UltimateAuctionSystem/]: DIRT BLOCK >> minecraft:dirt
[21mei2026 14:40:05.762] [Worker-Main-1/INFO] [net.austizz.ultimate_auction_system.UltimateAuctionSystem/]: The magic number is... 42
[21mei2026 14:40:05.762] [Worker-Main-1/INFO] [net.austizz.ultimate_auction_system.UltimateAuctionSystem/]: ITEM >> minecraft:iron_ingot
[21mei2026 14:40:05.830] [Worker-Main-7/INFO] [net.minecraft.client.gui.font.providers.UnihexProvider/]: Found unifont_all_no_pua-15.1.05.hex, loading
[21mei2026 14:40:05.915] [Worker-Main-1/INFO] [net.minecraft.client.gui.font.providers.UnihexProvider/]: Found unifont_jp_patch-15.1.05.hex, loading
[21mei2026 14:40:05.916] [Worker-Main-9/INFO] [net.austizz.ultimate_auction_system.UltimateAuctionSystem/]: HELLO FROM CLIENT SETUP
[21mei2026 14:40:05.916] [Worker-Main-9/INFO] [net.austizz.ultimate_auction_system.UltimateAuctionSystem/]: MINECRAFT NAME >> Dev
[21mei2026 14:40:06.276] [Worker-Main-8/WARN] [net.minecraft.client.resources.model.BlockStateModelLoader/]: Exception loading blockstate definition: 'ultimate_auction_system:blockstates/example_block.json' missing model for variant: 'ultimate_auction_system:example_block#'
[21mei2026 14:40:06.277] [Worker-Main-8/WARN] [net.minecraft.client.resources.model.ModelBakery/]: Unable to load model: 'ultimate_auction_system:item/example_item' referenced from: ultimate_auction_system:item/example_item: java.io.FileNotFoundException: ultimate_auction_system:models/item/example_item.json
[21mei2026 14:40:06.279] [Worker-Main-8/WARN] [net.minecraft.client.resources.model.ModelBakery/]: Unable to load model: 'ultimate_auction_system:item/example_block' referenced from: ultimate_auction_system:item/example_block: java.io.FileNotFoundException: ultimate_auction_system:models/item/example_block.json
[21mei2026 14:40:06.682] [Render thread/WARN] [net.minecraft.client.sounds.SoundEngine/]: Missing sound for event: minecraft:item.goat_horn.play
[21mei2026 14:40:06.682] [Render thread/WARN] [net.minecraft.client.sounds.SoundEngine/]: Missing sound for event: minecraft:entity.goat.screaming.horn_break
[21mei2026 14:40:06.713] [Render thread/INFO] [com.mojang.blaze3d.audio.Library/]: OpenAL initialized on device OpenAL Soft on Hoofdtelefoon (2- Arctis Nova 3)
[21mei2026 14:40:06.713] [Render thread/INFO] [net.minecraft.client.sounds.SoundEngine/SOUNDS]: Sound engine started
[21mei2026 14:40:06.800] [Render thread/INFO] [net.minecraft.client.renderer.texture.TextureAtlas/]: Created: 1024x512x4 minecraft:textures/atlas/blocks.png-atlas
[21mei2026 14:40:06.805] [Render thread/INFO] [net.minecraft.client.renderer.texture.TextureAtlas/]: Created: 256x256x4 minecraft:textures/atlas/signs.png-atlas
[21mei2026 14:40:06.806] [Render thread/INFO] [net.minecraft.client.renderer.texture.TextureAtlas/]: Created: 512x512x4 minecraft:textures/atlas/banner_patterns.png-atlas
[21mei2026 14:40:06.806] [Render thread/INFO] [net.minecraft.client.renderer.texture.TextureAtlas/]: Created: 512x512x4 minecraft:textures/atlas/shield_patterns.png-atlas
[21mei2026 14:40:06.807] [Render thread/INFO] [net.minecraft.client.renderer.texture.TextureAtlas/]: Created: 1024x1024x4 minecraft:textures/atlas/armor_trims.png-atlas
[21mei2026 14:40:06.808] [Render thread/INFO] [net.minecraft.client.renderer.texture.TextureAtlas/]: Created: 256x256x4 minecraft:textures/atlas/chest.png-atlas
[21mei2026 14:40:06.808] [Render thread/INFO] [net.minecraft.client.renderer.texture.TextureAtlas/]: Created: 128x64x4 minecraft:textures/atlas/decorated_pot.png-atlas
[21mei2026 14:40:06.809] [Render thread/INFO] [net.minecraft.client.renderer.texture.TextureAtlas/]: Created: 512x256x4 minecraft:textures/atlas/beds.png-atlas
[21mei2026 14:40:06.809] [Render thread/INFO] [net.minecraft.client.renderer.texture.TextureAtlas/]: Created: 512x256x4 minecraft:textures/atlas/shulker_boxes.png-atlas
[21mei2026 14:40:06.927] [Render thread/INFO] [net.minecraft.client.renderer.texture.TextureAtlas/]: Created: 512x256x0 minecraft:textures/atlas/particles.png-atlas
[21mei2026 14:40:06.928] [Render thread/INFO] [net.minecraft.client.renderer.texture.TextureAtlas/]: Created: 512x256x0 minecraft:textures/atlas/paintings.png-atlas
[21mei2026 14:40:06.928] [Render thread/INFO] [net.minecraft.client.renderer.texture.TextureAtlas/]: Created: 256x128x0 minecraft:textures/atlas/mob_effects.png-atlas
[21mei2026 14:40:06.928] [Render thread/INFO] [net.minecraft.client.renderer.texture.TextureAtlas/]: Created: 64x64x0 minecraft:textures/atlas/map_decorations.png-atlas
[21mei2026 14:40:06.928] [Render thread/INFO] [net.minecraft.client.renderer.texture.TextureAtlas/]: Created: 1024x512x0 minecraft:textures/atlas/gui.png-atlas
[21mei2026 14:40:06.943] [Render thread/WARN] [net.minecraft.client.renderer.ShaderInstance/]: Shader rendertype_entity_translucent_emissive could not find sampler named Sampler2 in the specified shader program.
[21mei2026 14:40:06.977] [Render thread/INFO] [net.neoforged.neoforge.client.entity.animation.json.AnimationLoader/]: Loaded 0 entity animations
[21mei2026 14:40:12.618] [Render thread/INFO] [net.minecraft.world.item.crafting.RecipeManager/]: Loaded 1290 recipes
[21mei2026 14:40:12.719] [Render thread/INFO] [net.minecraft.advancements.AdvancementTree/]: Loaded 1399 advancements
[21mei2026 14:40:12.983] [Server thread/INFO] [net.minecraft.client.server.IntegratedServer/]: Starting integrated minecraft server version 1.21.1
[21mei2026 14:40:12.983] [Server thread/INFO] [net.minecraft.server.MinecraftServer/]: Generating keypair
[21mei2026 14:40:13.166] [Server thread/INFO] [net.minecraft.server.MinecraftServer/]: Preparing start region for dimension minecraft:overworld
[21mei2026 14:40:13.272] [progressListener/INFO] [net.minecraft.server.level.progress.LoggerChunkProgressListener/]: Preparing spawn area: 0%
[21mei2026 14:40:13.319] [Server thread/INFO] [net.neoforged.neoforge.server.permission.PermissionAPI/]: Successfully initialized permission handler neoforge:default_handler
[21mei2026 14:40:13.320] [Server thread/INFO] [net.austizz.ultimate_auction_system.UltimateAuctionSystem/]: UltimateAuctionSystem Starting
[21mei2026 14:40:13.330] [progressListener/INFO] [net.minecraft.server.level.progress.LoggerChunkProgressListener/]: Time elapsed: 149 ms
[21mei2026 14:40:13.365] [Server thread/INFO] [net.minecraft.client.server.IntegratedServer/]: Changing view distance to 12, from 10
[21mei2026 14:40:13.365] [Server thread/INFO] [net.minecraft.client.server.IntegratedServer/]: Changing simulation distance to 12, from 0
[21mei2026 14:40:13.798] [Server thread/INFO] [net.minecraft.server.players.PlayerList/]: Dev[local:E:27fbc6e6] logged in with entity id 20 at (22.46221749895669, -60.0, 8.461528309738412)
[21mei2026 14:40:13.829] [Server thread/INFO] [net.minecraft.server.MinecraftServer/]: Dev joined the game
[21mei2026 14:40:14.118] [Render thread/INFO] [net.minecraft.advancements.AdvancementTree/]: Loaded 25 advancements
[21mei2026 14:40:16.266] [Render thread/INFO] [net.minecraft.client.gui.components.ChatComponent/]: [System] [CHAT] \n=== [ ACTIVE AUCTIONS ] ===
[21mei2026 14:40:16.269] [Render thread/INFO] [net.minecraft.client.gui.components.ChatComponent/]: [System] [CHAT] =======================
[21mei2026 14:40:17.776] [Render thread/INFO] [net.minecraft.client.gui.components.ChatComponent/]: [System] [CHAT] ⚖ Auction: Successfully listed 1x Spruce Log for $12. -> Type /ah to view your listing!
[21mei2026 14:40:20.810] [Render thread/INFO] [net.minecraft.client.gui.components.ChatComponent/]: [System] [CHAT] \n=== [ ACTIVE AUCTIONS ] ===
[21mei2026 14:40:20.810] [Render thread/INFO] [net.minecraft.client.gui.components.ChatComponent/]: [System] [CHAT] • 1x Spruce Log | Bid: $12 | Time left: 9h 19m
[21mei2026 14:40:20.811] [Render thread/INFO] [net.minecraft.client.gui.components.ChatComponent/]: [System] [CHAT] =======================
[21mei2026 14:40:29.444] [Render thread/INFO] [net.minecraft.client.gui.components.ChatComponent/]: [System] [CHAT] \n=== [ ACTIVE AUCTIONS ] ===
[21mei2026 14:40:29.444] [Render thread/INFO] [net.minecraft.client.gui.components.ChatComponent/]: [System] [CHAT] • 1x Spruce Log | Bid: $12 | Time left: 9h 19m
[21mei2026 14:40:29.444] [Render thread/INFO] [net.minecraft.client.gui.components.ChatComponent/]: [System] [CHAT] =======================
[21mei2026 14:40:58.741] [Render thread/INFO] [net.minecraft.client.gui.components.ChatComponent/]: [System] [CHAT] \n=== [ ACTIVE AUCTIONS ] ===
[21mei2026 14:40:58.742] [Render thread/INFO] [net.minecraft.client.gui.components.ChatComponent/]: [System] [CHAT] • 1x Spruce Log | Bid: $12 | Time left: 9h 19m
[21mei2026 14:40:58.742] [Render thread/INFO] [net.minecraft.client.gui.components.ChatComponent/]: [System] [CHAT] =======================
[21mei2026 14:41:07.430] [Render thread/INFO] [net.minecraft.client.gui.components.ChatComponent/]: [System] [CHAT] Saved screenshot as 2026-05-21_14.41.07.png
[21mei2026 14:43:19.584] [Render thread/INFO] [net.minecraft.client.gui.components.ChatComponent/]: [System] [CHAT] \n=== [ ACTIVE AUCTIONS ] ===
[21mei2026 14:43:19.584] [Render thread/INFO] [net.minecraft.client.gui.components.ChatComponent/]: [System] [CHAT] • 1x Spruce Log | Bid: $12 | Time left: 9h 16m
[21mei2026 14:43:19.585] [Render thread/INFO] [net.minecraft.client.gui.components.ChatComponent/]: [System] [CHAT] =======================
[21mei2026 14:43:21.679] [Server thread/INFO] [net.minecraft.client.server.IntegratedServer/]: Saving and pausing game...
[21mei2026 14:43:21.690] [Server thread/INFO] [net.minecraft.server.MinecraftServer/]: Saving chunks for level 'ServerLevel[New World]'/minecraft:overworld
[21mei2026 14:43:21.708] [Server thread/INFO] [net.minecraft.server.MinecraftServer/]: Saving chunks for level 'ServerLevel[New World]'/minecraft:the_end
[21mei2026 14:43:21.709] [Server thread/INFO] [net.minecraft.server.MinecraftServer/]: Saving chunks for level 'ServerLevel[New World]'/minecraft:the_nether
